
R version 3.5.2 (2018-12-20) -- "Eggshell Igloo"
Copyright (C) 2018 The R Foundation for Statistical Computing
Platform: x86_64-redhat-linux-gnu (64-bit)

R is free software and comes with ABSOLUTELY NO WARRANTY.
You are welcome to redistribute it under certain conditions.
Type 'license()' or 'licence()' for distribution details.

  Natural language support but running in an English locale

R is a collaborative project with many contributors.
Type 'contributors()' for more information and
'citation()' on how to cite R or R packages in publications.

Type 'demo()' for some demos, 'help()' for on-line help, or
'help.start()' for an HTML browser interface to help.
Type 'q()' to quit R.

> install.packages("Dvar_0.0.0.9000.tar.gz")
Installing package into ‘/home/l/livse301/R/x86_64-redhat-linux-gnu-library/3.3’
(as ‘lib’ is unspecified)
inferring 'repos = NULL' from 'pkgs'
ERROR: failed to lock directory ‘/home/l/livse301/R/x86_64-redhat-linux-gnu-library/3.3’ for modifying
Try removing ‘/home/l/livse301/R/x86_64-redhat-linux-gnu-library/3.3/00LOCK-Dvar’
Warning message:
In install.packages("Dvar_0.0.0.9000.tar.gz") :
  installation of package ‘Dvar_0.0.0.9000.tar.gz’ had non-zero exit status
> 
> library(Dvar)
> library(L1pack)
Loading required package: fastmatrix
> 
> # source different sim6way to normalize epsMod
> source("sim6way.r")
> 
> #' True table
> load("true-table.Rdata")
> 
> # load marPack object
> load('marPack-tr1.RData')
> 
> # privacy budget parameters
> bpar <- 12
> geoMod <- c(1/3, 1/3, 1/3)
> queryMod <- c(1/4, 1/4, 1/4, 1/4)
> 
> # Run simulation
> OUT <-
+   Sim6Way(Nrep    = 50,
+           intab   = A,
+           bpar    = bpar,
+           marPack = marPack,
+           geoMod  = geoMod,
+           queryMod = queryMod)
[1] "replication 1 starting at: 2021-07-26 09:56:12"
[1] "replication 2 starting at: 2021-07-26 10:35:32"
[1] "replication 3 starting at: 2021-07-26 11:13:46"
[1] "replication 4 starting at: 2021-07-26 11:51:41"
[1] "replication 5 starting at: 2021-07-26 12:30:55"
[1] "replication 6 starting at: 2021-07-26 13:09:03"
[1] "replication 7 starting at: 2021-07-26 13:48:22"
[1] "replication 8 starting at: 2021-07-26 14:27:16"
[1] "replication 9 starting at: 2021-07-26 15:06:18"
[1] "replication 10 starting at: 2021-07-26 15:45:55"
[1] "replication 11 starting at: 2021-07-26 16:25:04"
[1] "replication 12 starting at: 2021-07-26 17:04:10"
[1] "replication 13 starting at: 2021-07-26 17:42:58"
[1] "replication 14 starting at: 2021-07-26 18:21:40"
[1] "replication 15 starting at: 2021-07-26 19:00:09"
[1] "replication 16 starting at: 2021-07-26 19:38:29"
[1] "replication 17 starting at: 2021-07-26 20:17:50"
[1] "replication 18 starting at: 2021-07-26 20:56:20"
[1] "replication 19 starting at: 2021-07-26 21:34:06"
[1] "replication 20 starting at: 2021-07-26 22:12:51"
[1] "replication 21 starting at: 2021-07-26 22:50:54"
[1] "replication 22 starting at: 2021-07-26 23:29:42"
[1] "replication 23 starting at: 2021-07-27 00:08:22"
[1] "replication 24 starting at: 2021-07-27 00:45:44"
[1] "replication 25 starting at: 2021-07-27 01:23:15"
[1] "replication 26 starting at: 2021-07-27 02:01:53"
[1] "replication 27 starting at: 2021-07-27 02:39:24"
[1] "replication 28 starting at: 2021-07-27 03:16:53"
[1] "replication 29 starting at: 2021-07-27 03:56:33"
[1] "replication 30 starting at: 2021-07-27 04:37:11"
[1] "replication 31 starting at: 2021-07-27 05:14:49"
[1] "replication 32 starting at: 2021-07-27 05:52:29"
[1] "replication 33 starting at: 2021-07-27 06:29:53"
[1] "replication 34 starting at: 2021-07-27 07:08:01"
[1] "replication 35 starting at: 2021-07-27 07:45:14"
[1] "replication 36 starting at: 2021-07-27 08:22:41"
[1] "replication 37 starting at: 2021-07-27 09:01:28"
[1] "replication 38 starting at: 2021-07-27 09:40:04"
[1] "replication 39 starting at: 2021-07-27 10:17:48"
[1] "replication 40 starting at: 2021-07-27 10:56:40"
[1] "replication 41 starting at: 2021-07-27 11:34:15"
[1] "replication 42 starting at: 2021-07-27 12:12:39"
[1] "replication 43 starting at: 2021-07-27 12:53:27"
[1] "replication 44 starting at: 2021-07-27 13:32:46"
[1] "replication 45 starting at: 2021-07-27 14:11:55"
[1] "replication 46 starting at: 2021-07-27 14:52:14"
[1] "replication 47 starting at: 2021-07-27 15:30:33"
[1] "replication 48 starting at: 2021-07-27 16:10:29"
[1] "replication 49 starting at: 2021-07-27 16:49:16"
[1] "replication 50 starting at: 2021-07-27 17:28:53"
> 
> # Save output
> save(OUT, file = "20210623-results-tr1.RData")
> 
> proc.time()
      user     system    elapsed 
115793.071     41.233 115831.400 
