
R version 3.5.2 (2018-12-20) -- "Eggshell Igloo"
Copyright (C) 2018 The R Foundation for Statistical Computing
Platform: x86_64-redhat-linux-gnu (64-bit)

R is free software and comes with ABSOLUTELY NO WARRANTY.
You are welcome to redistribute it under certain conditions.
Type 'license()' or 'licence()' for distribution details.

  Natural language support but running in an English locale

R is a collaborative project with many contributors.
Type 'contributors()' for more information and
'citation()' on how to cite R or R packages in publications.

Type 'demo()' for some demos, 'help()' for on-line help, or
'help.start()' for an HTML browser interface to help.
Type 'q()' to quit R.

[Previously saved workspace restored]

> install.packages("Dvar_0.0.0.9000.tar.gz")
Installing package into ‘/home/l/livse301/R/x86_64-redhat-linux-gnu-library/3.3’
(as ‘lib’ is unspecified)
inferring 'repos = NULL' from 'pkgs'
ERROR: failed to lock directory ‘/home/l/livse301/R/x86_64-redhat-linux-gnu-library/3.3’ for modifying
Try removing ‘/home/l/livse301/R/x86_64-redhat-linux-gnu-library/3.3/00LOCK-Dvar’
Warning message:
In install.packages("Dvar_0.0.0.9000.tar.gz") :
  installation of package ‘Dvar_0.0.0.9000.tar.gz’ had non-zero exit status
> 
> library(Dvar)
> library(L1pack)
Loading required package: fastmatrix
> 
> #' True table
> load("true-table.Rdata")
> 
> # load marPack object
> load('marPack-cnt.RData')
> 
> # privacy budget parameters
> bpar <- 12
> geoMod <- c(1/3, 1/3, 1/3)
> queryMod <- c(1/4, 1/4, 1/4, 1/4)
> 
> # Run simulation
> OUT <-
+   Sim6Way(Nrep    = 100,
+           intab   = A,
+           bpar    = bpar,
+           marPack = marPack,
+           geoMod  = geoMod,
+           queryMod = queryMod)
[1] "replication 1 starting at: 2021-07-15 11:20:59"
[1] "replication 2 starting at: 2021-07-15 12:00:42"
[1] "replication 3 starting at: 2021-07-15 12:34:08"
[1] "replication 4 starting at: 2021-07-15 13:07:07"
[1] "replication 5 starting at: 2021-07-15 13:39:27"
[1] "replication 6 starting at: 2021-07-15 14:20:42"
[1] "replication 7 starting at: 2021-07-15 14:52:56"
[1] "replication 8 starting at: 2021-07-15 15:25:39"
[1] "replication 9 starting at: 2021-07-15 16:00:13"
[1] "replication 10 starting at: 2021-07-15 16:42:08"
[1] "replication 11 starting at: 2021-07-15 17:15:32"
[1] "replication 12 starting at: 2021-07-15 17:50:08"
[1] "replication 13 starting at: 2021-07-15 18:22:21"
[1] "replication 14 starting at: 2021-07-15 18:55:32"
[1] "replication 15 starting at: 2021-07-15 19:27:46"
[1] "replication 16 starting at: 2021-07-15 20:00:08"
[1] "replication 17 starting at: 2021-07-15 20:37:33"
[1] "replication 18 starting at: 2021-07-15 21:10:20"
[1] "replication 19 starting at: 2021-07-15 21:45:34"
[1] "replication 20 starting at: 2021-07-15 22:18:24"
[1] "replication 21 starting at: 2021-07-15 22:50:47"
[1] "replication 22 starting at: 2021-07-15 23:26:35"
[1] "replication 23 starting at: 2021-07-15 23:59:26"
[1] "replication 24 starting at: 2021-07-16 00:40:04"
[1] "replication 25 starting at: 2021-07-16 01:20:36"
[1] "replication 26 starting at: 2021-07-16 01:53:01"
[1] "replication 27 starting at: 2021-07-16 02:34:20"
[1] "replication 28 starting at: 2021-07-16 03:08:22"
[1] "replication 29 starting at: 2021-07-16 03:41:07"
[1] "replication 30 starting at: 2021-07-16 04:14:26"
[1] "replication 31 starting at: 2021-07-16 04:46:41"
[1] "replication 32 starting at: 2021-07-16 05:18:47"
[1] "replication 33 starting at: 2021-07-16 05:50:28"
[1] "replication 34 starting at: 2021-07-16 06:25:40"
[1] "replication 35 starting at: 2021-07-16 07:02:29"
[1] "replication 36 starting at: 2021-07-16 07:37:13"
[1] "replication 37 starting at: 2021-07-16 08:15:12"
[1] "replication 38 starting at: 2021-07-16 08:47:36"
[1] "replication 39 starting at: 2021-07-16 09:20:27"
[1] "replication 40 starting at: 2021-07-16 09:52:36"
[1] "replication 41 starting at: 2021-07-16 10:32:47"
[1] "replication 42 starting at: 2021-07-16 11:09:19"
[1] "replication 43 starting at: 2021-07-16 11:48:38"
[1] "replication 44 starting at: 2021-07-16 12:21:28"
[1] "replication 45 starting at: 2021-07-16 12:54:52"
[1] "replication 46 starting at: 2021-07-16 13:35:49"
[1] "replication 47 starting at: 2021-07-16 14:11:48"
[1] "replication 48 starting at: 2021-07-16 14:46:11"
[1] "replication 49 starting at: 2021-07-16 15:18:30"
[1] "replication 50 starting at: 2021-07-16 15:50:56"
[1] "replication 51 starting at: 2021-07-16 16:25:28"
[1] "replication 52 starting at: 2021-07-16 17:01:48"
[1] "replication 53 starting at: 2021-07-16 17:33:25"
[1] "replication 54 starting at: 2021-07-16 18:07:48"
[1] "replication 55 starting at: 2021-07-16 18:44:49"
[1] "replication 56 starting at: 2021-07-16 19:22:46"
[1] "replication 57 starting at: 2021-07-16 19:57:21"
[1] "replication 58 starting at: 2021-07-16 20:35:10"
[1] "replication 59 starting at: 2021-07-16 21:12:05"
[1] "replication 60 starting at: 2021-07-16 21:49:46"
[1] "replication 61 starting at: 2021-07-16 22:22:50"
[1] "replication 62 starting at: 2021-07-16 22:58:21"
[1] "replication 63 starting at: 2021-07-16 23:35:55"
[1] "replication 64 starting at: 2021-07-17 00:11:57"
[1] "replication 65 starting at: 2021-07-17 00:53:13"
[1] "replication 66 starting at: 2021-07-17 01:25:26"
[1] "replication 67 starting at: 2021-07-17 02:04:59"
[1] "replication 68 starting at: 2021-07-17 02:45:09"
[1] "replication 69 starting at: 2021-07-17 03:16:44"
[1] "replication 70 starting at: 2021-07-17 03:51:04"
[1] "replication 71 starting at: 2021-07-17 04:27:26"
[1] "replication 72 starting at: 2021-07-17 05:02:03"
[1] "replication 73 starting at: 2021-07-17 05:43:42"
[1] "replication 74 starting at: 2021-07-17 06:21:43"
[1] "replication 75 starting at: 2021-07-17 07:02:34"
[1] "replication 76 starting at: 2021-07-17 07:41:43"
[1] "replication 77 starting at: 2021-07-17 08:14:21"
[1] "replication 78 starting at: 2021-07-17 08:56:15"
[1] "replication 79 starting at: 2021-07-17 09:28:38"
[1] "replication 80 starting at: 2021-07-17 10:04:03"
[1] "replication 81 starting at: 2021-07-17 10:42:34"
[1] "replication 82 starting at: 2021-07-17 11:18:09"
[1] "replication 83 starting at: 2021-07-17 11:53:41"
[1] "replication 84 starting at: 2021-07-17 12:29:09"
[1] "replication 85 starting at: 2021-07-17 13:02:13"
[1] "replication 86 starting at: 2021-07-17 13:34:33"
[1] "replication 87 starting at: 2021-07-17 14:10:24"
[1] "replication 88 starting at: 2021-07-17 14:48:34"
[1] "replication 89 starting at: 2021-07-17 15:23:42"
[1] "replication 90 starting at: 2021-07-17 15:58:02"
[1] "replication 91 starting at: 2021-07-17 16:30:44"
[1] "replication 92 starting at: 2021-07-17 17:09:32"
[1] "replication 93 starting at: 2021-07-17 17:42:59"
[1] "replication 94 starting at: 2021-07-17 18:22:20"
[1] "replication 95 starting at: 2021-07-17 18:59:30"
[1] "replication 96 starting at: 2021-07-17 19:32:55"
[1] "replication 97 starting at: 2021-07-17 20:07:14"
[1] "replication 98 starting at: 2021-07-17 20:39:39"
[1] "replication 99 starting at: 2021-07-17 21:14:52"
[1] "replication 100 starting at: 2021-07-17 21:47:29"
> 
> # Save output
> save(OUT, file = "20210601-results-cnt.RData")
> 
> proc.time()
     user    system   elapsed 
212608.61     99.52 212768.44 
